// Jest Snapshot v1, https://jestjs.io/docs/snapshot-testing

exports[`HydraPreview layout renders the hydra workbench layout 1`] = `
<DocumentFragment>
  <div
    class="min-h-screen bg-[var(--kali-bg)] text-[color:var(--kali-text)]"
  >
    <div
      class="mx-auto flex min-h-screen max-w-6xl flex-col gap-8 px-6 py-10"
    >
      <header
        class="space-y-3"
      >
        <p
          class="text-sm font-semibold uppercase tracking-widest text-[color:color-mix(in_srgb,var(--kali-control)_80%,var(--kali-text))]"
        >
          Hydra Simulation Lab
        </p>
        <h1
          class="text-3xl font-semibold text-[color:var(--kali-text)] sm:text-4xl"
        >
          Credential Testing Workbench
        </h1>
        <p
          class="max-w-3xl text-sm text-[color:color-mix(in_srgb,var(--kali-text)_82%,transparent)] sm:text-base"
        >
          Explore password spraying strategies without touching a live target. Each run is a sandboxed recreation of the Hydra CLI so you can practice configuring services, wordlists, and lockout handling inside the desktop shell.
        </p>
      </header>
      <div
        class="grid gap-6 lg:grid-cols-[minmax(0,2fr)_minmax(0,1fr)]"
      >
        <section
          class="space-y-4"
        >
          <div
            class="flex h-full w-full flex-col"
            tabindex="0"
          >
            <div
              class="flex flex-shrink-0 items-center gap-1 border-b border-[color:var(--kali-border)] bg-[color:var(--kali-panel)] px-1 text-sm text-[color:var(--color-text)]"
            >
              <div
                class="flex-1 overflow-hidden"
              >
                <div
                  aria-orientation="horizontal"
                  class="flex overflow-x-auto scroll-smooth scrollbar-thin"
                  role="tablist"
                >
                  <div
                    aria-selected="true"
                    class="group flex flex-shrink-0 cursor-pointer select-none items-center gap-2 rounded-md border border-transparent px-3 py-1.5 text-[color:color-mix(in_srgb,var(--color-text)_92%,transparent)] transition-colors focus:outline-none focus-visible:outline focus-visible:outline-2 focus-visible:outline-offset-2 focus-visible:outline-ub-orange border-[color:color-mix(in_srgb,var(--color-ub-orange)_65%,transparent)] bg-ub-orange bg-gray-700 text-black shadow-inner shadow-[inset_0_1px_0_rgba(255,255,255,0.12)]"
                    draggable="true"
                    role="tab"
                    tabindex="0"
                  >
                    <span
                      class="max-w-[150px] whitespace-nowrap"
                    >
                      Run 1
                    </span>
                  </div>
                </div>
              </div>
              <button
                aria-label="New Tab"
                class="rounded px-2 py-1 transition-colors hover:bg-[var(--kali-panel-highlight)] focus-visible:outline focus-visible:outline-2 focus-visible:outline-offset-2 focus-visible:outline-ub-orange"
              >
                +
              </button>
            </div>
            <div
              class="flex-grow relative overflow-hidden"
            >
              <div
                class="absolute inset-0 w-full h-full block"
              >
                <div
                  class="h-full w-full p-4 bg-gray-900 text-white overflow-auto"
                >
                  <div
                    aria-live="polite"
                    class="mb-3 flex items-start gap-3 rounded-md border border-[color:color-mix(in_srgb,var(--color-accent)_55%,transparent)] bg-[color:color-mix(in_srgb,var(--kali-panel)_88%,var(--kali-overlay)_12%)] px-3 py-2 text-sm text-[color:var(--color-text)] shadow-[0_8px_24px_rgba(0,0,0,0.28)] "
                    role="status"
                  >
                    <span
                      aria-hidden="true"
                      class="mt-0.5 inline-flex h-7 w-7 items-center justify-center rounded-full bg-[color:color-mix(in_srgb,var(--color-accent)_30%,transparent)] text-base font-bold text-kali-accent shadow-[0_0_0_1px_color-mix(in_srgb,var(--color-accent)_75%,transparent)]"
                    >
                      SIM
                    </span>
                    <div
                      class="leading-snug"
                    >
                      <p
                        class="font-semibold uppercase tracking-wide text-[color:var(--color-muted)]"
                      >
                        Hydra Simulation
                      </p>
                      <p
                        class="text-[color:var(--color-text)]"
                      >
                        Credential testing is replayed with deterministic timing. No packets ever leave this browser.
                      </p>
                    </div>
                  </div>
                  <div
                    class="mb-2"
                  >
                    <button
                      class="px-4 py-2 bg-green-600 rounded disabled:opacity-50"
                      disabled=""
                    >
                      Run Hydra
                    </button>
                  </div>
                  <div
                    class="grid grid-cols-2 gap-1.5"
                  >
                    <div
                      class="col-span-2 flex gap-1.5"
                    >
                      <div
                        class="flex items-center p-2 rounded border cursor-pointer text-sm bg-blue-600"
                      >
                        <img
                          alt="SSH"
                          class="w-6 h-6 mr-2"
                          src="/themes/Yaru/apps/ssh.svg"
                        />
                        <span>
                          SSH
                        </span>
                      </div>
                      <div
                        class="flex items-center p-2 rounded border cursor-pointer text-sm bg-gray-700"
                      >
                        <img
                          alt="FTP"
                          class="w-6 h-6 mr-2"
                          src="/themes/Yaru/apps/ftp.svg"
                        />
                        <span>
                          FTP
                        </span>
                      </div>
                    </div>
                    <div>
                      <label
                        class="block mb-1"
                        for="hydra-target"
                      >
                        Target
                      </label>
                      <input
                        aria-label="Target host"
                        class="w-full p-2 rounded text-black"
                        id="hydra-target"
                        placeholder="192.168.0.1"
                        type="text"
                        value=""
                      />
                    </div>
                    <div>
                      <label
                        class="block mb-1"
                        for="hydra-service"
                      >
                        Service
                      </label>
                      <select
                        aria-label="Hydra service"
                        class="w-full p-2 rounded text-black"
                        id="hydra-service"
                      >
                        <option
                          value="ssh"
                        >
                          ssh
                        </option>
                        <option
                          value="ftp"
                        >
                          ftp
                        </option>
                        <option
                          value="http-get"
                        >
                          http-get
                        </option>
                        <option
                          value="http-post-form"
                        >
                          http-post-form
                        </option>
                        <option
                          value="smtp"
                        >
                          smtp
                        </option>
                      </select>
                    </div>
                    <div>
                      <label
                        class="block mb-1"
                        for="hydra-user-list"
                      >
                        User List
                      </label>
                      <select
                        aria-label="User wordlist"
                        class="w-full p-2 rounded text-black mb-1"
                        id="hydra-user-list"
                      />
                      <label
                        class="sr-only"
                        for="hydra-user-file"
                      >
                        Upload user list
                      </label>
                      <input
                        accept="text/plain"
                        aria-label="Upload user list"
                        class="w-full p-2 rounded text-black mb-1"
                        data-testid="user-file-input"
                        id="hydra-user-file"
                        type="file"
                      />
                      <ul />
                    </div>
                    <div>
                      <label
                        class="block mb-1"
                        for="hydra-password-list"
                      >
                        Password List
                      </label>
                      <select
                        aria-label="Password wordlist"
                        class="w-full p-2 rounded text-black mb-1"
                        id="hydra-password-list"
                      />
                      <label
                        class="sr-only"
                        for="hydra-pass-file"
                      >
                        Upload password list
                      </label>
                      <input
                        accept="text/plain"
                        aria-label="Upload password list"
                        class="w-full p-2 rounded text-black mb-1"
                        data-testid="pass-file-input"
                        id="hydra-pass-file"
                        type="file"
                      />
                      <ul />
                    </div>
                    <div>
                      <label
                        class="block mb-1"
                        for="hydra-charset"
                      >
                        Charset
                      </label>
                      <input
                        aria-label="Character set"
                        class="w-full p-2 rounded text-black"
                        id="hydra-charset"
                        placeholder="abc123"
                        type="text"
                        value="abc123"
                      />
                    </div>
                    <div
                      class="col-span-2"
                    >
                      <label
                        class="block mb-1"
                        for="hydra-rule"
                      >
                        Rule (min:max length)
                      </label>
                      <input
                        aria-label="Rule min to max length"
                        class="w-full p-2 rounded text-black"
                        id="hydra-rule"
                        placeholder="1:3"
                        type="text"
                        value="1:3"
                      />
                      <p
                        class="mt-1 text-sm"
                      >
                        Candidate space: 258
                      </p>
                      <canvas
                        aria-label="Candidate space visualization"
                        class="bg-gray-800 mt-2 w-full"
                        height="100"
                        role="img"
                        width="300"
                      />
                    </div>
                    <div
                      class="col-span-2 flex flex-wrap gap-1.5 mt-2"
                    >
                      <button
                        class="px-4 py-2 bg-green-600 rounded disabled:opacity-50"
                        disabled=""
                      >
                        Start Hydra
                      </button>
                      <button
                        class="px-4 py-2 bg-purple-600 rounded disabled:opacity-50"
                      >
                        Dry Run
                      </button>
                      <button
                        class="px-4 py-2 bg-gray-700 rounded"
                      >
                        Save Config
                      </button>
                      <button
                        class="px-4 py-2 bg-gray-700 rounded"
                      >
                        Copy Config
                      </button>
                    </div>
                  </div>
                  <div
                    class="mt-4"
                  >
                    <div
                      aria-hidden="true"
                      class="flex space-x-1"
                    >
                      <div
                        class="w-4 h-4 rounded bg-gray-500"
                      />
                      <div
                        class="w-4 h-4 rounded bg-gray-500"
                      />
                      <div
                        class="w-4 h-4 rounded bg-gray-500"
                      />
                      <div
                        class="w-4 h-4 rounded bg-gray-500"
                      />
                      <div
                        class="w-4 h-4 rounded bg-gray-500"
                      />
                      <div
                        class="w-4 h-4 rounded bg-gray-500"
                      />
                      <div
                        class="w-4 h-4 rounded bg-gray-500"
                      />
                      <div
                        class="w-4 h-4 rounded bg-gray-500"
                      />
                      <div
                        class="w-4 h-4 rounded bg-gray-500"
                      />
                      <div
                        class="w-4 h-4 rounded bg-gray-500"
                      />
                    </div>
                    <div
                      class="text-white mt-1"
                    >
                      Attempt 0 of 10
                    </div>
                    <div
                      class="mt-2 w-full bg-gray-700 h-2 rounded"
                    >
                      <div
                        class="bg-yellow-500 h-2 rounded"
                        data-testid="backoff-bar"
                        style="width: 12.5%;"
                      />
                    </div>
                    <div
                      class="text-xs text-yellow-300 mt-1"
                    >
                      Delay: 500ms
                    </div>
                  </div>
                  <div
                    class="mt-4 flex items-center gap-2"
                  >
                    <img
                      alt="credentials"
                      class="w-5 h-5"
                      src="/themes/Yaru/status/changes-prevent-symbolic.svg"
                    />
                    <div
                      class="flex-1 bg-gray-700 h-2 rounded"
                    >
                      <div
                        class="bg-green-500 h-2 rounded"
                        style="width: 0%;"
                      />
                    </div>
                  </div>
                  <p
                    class="mt-2 text-sm text-yellow-300"
                  >
                    This demo slows after 5 tries to mimic password spray throttling and stops at 10 attempts to illustrate account lockout.
                  </p>
                  <div
                    class="mt-4"
                  >
                    <h3
                      class="mb-2 text-lg"
                    >
                      Attempt Timeline
                    </h3>
                    <ol
                      class="space-y-1 text-sm"
                    >
                      <li
                        class="font-mono"
                      >
                        0.8s - / (attempt)
                      </li>
                    </ol>
                  </div>
                  <table
                    class="mt-4 w-full text-sm"
                  >
                    <thead>
                      <tr
                        class="text-left"
                      >
                        <th
                          class="px-2"
                        >
                          Host
                        </th>
                        <th
                          class="px-2"
                        >
                          User
                        </th>
                        <th
                          class="px-2"
                        >
                          Pass
                        </th>
                      </tr>
                    </thead>
                    <tbody>
                      <tr
                        class="border-t border-gray-800"
                      >
                        <td
                          class="px-2"
                        />
                        <td
                          class="px-2"
                        />
                        <td
                          class="px-2"
                        />
                      </tr>
                    </tbody>
                  </table>
                  <p
                    class="mt-4 text-sm text-gray-300"
                  >
                    Common password lists succeed because many users choose simple, predictable passwords or reuse credentials across sites. These habits allow attackers to guess passwords without exploring the full candidate space.
                  </p>
                  <div
                    class="mt-4 rounded-md border border-[color:var(--kali-border)] bg-[color:color-mix(in_srgb,var(--kali-panel)_90%,var(--kali-overlay)_10%)] p-2 text-xs"
                  >
                    <div
                      class="flex flex-wrap items-center gap-2"
                    >
                      <div
                        class="flex-1 min-w-[200px]"
                      >
                        <p
                          class="font-semibold text-[color:var(--color-text)]"
                        >
                          Export simulation report
                        </p>
                        <p
                          class="text-[color:var(--color-muted)]"
                        >
                          Logs remain local until you export them.
                        </p>
                      </div>
                      <div
                        class="flex flex-wrap gap-2"
                      >
                        <button
                          class="rounded border border-kali-border/70 bg-[color:var(--kali-panel)] px-3 py-1 font-semibold text-[color:var(--color-text)] shadow-sm transition hover:border-kali-accent/60 hover:text-kali-accent focus-visible:outline-none focus-visible:ring-2 focus-visible:ring-kali-focus"
                          type="button"
                        >
                          Download JSON
                        </button>
                        <button
                          class="rounded border border-kali-accent/70 bg-kali-accent/20 px-3 py-1 font-semibold text-white shadow-sm transition hover:bg-kali-accent/30 focus-visible:outline-none focus-visible:ring-2 focus-visible:ring-kali-focus"
                          type="button"
                        >
                          Print/PDF
                        </button>
                        <button
                          class="rounded border border-kali-border/70 bg-[color:var(--kali-panel)] px-3 py-1 font-semibold text-[color:var(--color-text)] shadow-sm transition hover:border-red-400 hover:text-red-200 focus-visible:outline-none focus-visible:ring-2 focus-visible:ring-kali-focus"
                          type="button"
                        >
                          Clear
                        </button>
                      </div>
                    </div>
                  </div>
                  <div
                    aria-live="polite"
                    class="sr-only"
                    role="status"
                  />
                  <pre
                    class="mt-4 bg-black text-green-400 p-4 overflow-auto h-64 whitespace-pre-wrap font-mono text-sm border border-gray-700 rounded"
                  >
                    Hydra v9.5 (c) 2023 by van Hauser/THC & David Maciejak - Please do not use in military or secret service organizations, or for illegal purposes.

[DATA] max 16 tasks per 1 server, overall 16 tasks, 1 login try (l:1/p:1), ~1 try per task
[DATA] attacking ssh://target:22/
[STATUS] Simulation mode - no network traffic generated
[INFO] This is a portfolio simulation. Configure the target and lists above, then click "Start Attack".

                  </pre>
                </div>
              </div>
            </div>
          </div>
          <div
            class="rounded-lg border border-[color:color-mix(in_srgb,var(--kali-control)_45%,transparent)] bg-[color:color-mix(in_srgb,var(--kali-control)_18%,var(--kali-overlay))] p-4 text-sm text-[color:color-mix(in_srgb,var(--kali-text)_92%,transparent)] shadow-[0_12px_32px_rgba(15,148,210,0.08)]"
            role="note"
          >
            <h2
              class="text-xs font-semibold uppercase tracking-widest text-[color:color-mix(in_srgb,var(--kali-control)_85%,var(--kali-text))]"
            >
              Hydra run tabs
            </h2>
            <p
              class="mt-2 text-[color:color-mix(in_srgb,var(--kali-text)_88%,transparent)]"
            >
              Every tab spins up a simulated Hydra session with canned targets and output, giving you a safe sandbox for experimenting with credential combinations and pause/resume flows.
            </p>
            <a
              class="mt-3 inline-flex items-center text-xs font-medium text-[color:var(--kali-control)] underline decoration-[color:color-mix(in_srgb,var(--kali-control)_65%,transparent)] transition-colors hover:text-[color:color-mix(in_srgb,var(--kali-control)_85%,var(--kali-text))] focus-visible:outline-none focus-visible:ring-2 focus-visible:ring-[color:var(--kali-control)] focus-visible:ring-offset-2 focus-visible:ring-offset-[var(--kali-bg)]"
              href="/docs/app-ecosystem-roadmap.md"
              rel="noreferrer"
              target="_blank"
            >
              Simulation scope & fixtures (docs/app-ecosystem-roadmap.md)
            </a>
          </div>
        </section>
        <aside
          class="space-y-4"
        >
          <div
            class="p-4 bg-gray-800 rounded mt-0"
          >
            <h2
              class="text-xl mb-4"
            >
              Strategy Trainer
            </h2>
            <div
              class="mb-4"
            >
              <label
                class="block mb-1"
                for="hydra-strategy-parallelism"
                id="hydra-strategy-parallelism-label"
              >
                Parallelism: 4
              </label>
              <input
                aria-labelledby="hydra-strategy-parallelism-label"
                class="w-full"
                id="hydra-strategy-parallelism"
                max="16"
                min="1"
                type="range"
                value="4"
              />
            </div>
            <div
              class="mb-4"
            >
              <label
                class="block mb-1"
                for="hydra-strategy-lockout"
                id="hydra-strategy-lockout-label"
              >
                Lockout Threshold: 10
              </label>
              <input
                aria-labelledby="hydra-strategy-lockout-label"
                class="w-full"
                id="hydra-strategy-lockout"
                max="50"
                min="1"
                type="range"
                value="10"
              />
            </div>
            <svg
              class="bg-black"
              height="150"
              width="300"
            >
              <polyline
                fill="none"
                points="0,150 15,122.17593749999997 30,99.51306469335934 45,89.81054088575681 60,89.81054088575681 75,89.81054088575681 90,89.81054088575681 105,89.81054088575681 120,89.81054088575681 135,89.81054088575681 150,89.81054088575681 165,89.81054088575681 180,89.81054088575681 195,89.81054088575681 210,89.81054088575681 225,89.81054088575681 240,89.81054088575681 255,89.81054088575681 270,89.81054088575681 285,89.81054088575681 300,89.81054088575681"
                stroke="lime"
                stroke-width="2"
              />
            </svg>
            <p
              class="mt-2 text-sm"
            >
              Estimated success chance: 40.1%
            </p>
          </div>
          <div
            class="rounded-lg border border-[color:color-mix(in_srgb,var(--kali-control)_45%,transparent)] bg-[color:color-mix(in_srgb,var(--kali-control)_14%,var(--kali-overlay))] p-4 text-sm text-[color:color-mix(in_srgb,var(--kali-text)_92%,transparent)] shadow-[0_12px_32px_rgba(15,148,210,0.08)]"
            role="note"
          >
            <h2
              class="text-xs font-semibold uppercase tracking-widest text-[color:color-mix(in_srgb,var(--kali-control)_85%,var(--kali-text))]"
            >
              Strategy trainer
            </h2>
            <p
              class="mt-2 text-[color:color-mix(in_srgb,var(--kali-text)_88%,transparent)]"
            >
              Adjust parallelism and lockout thresholds to see how defensive controls change your odds of success over time. It models a simplified probability curve instead of talking to real services.
            </p>
            <a
              class="mt-3 inline-flex items-center text-xs font-medium text-[color:var(--kali-control)] underline decoration-[color:color-mix(in_srgb,var(--kali-control)_65%,transparent)] transition-colors hover:text-[color:color-mix(in_srgb,var(--kali-control)_85%,var(--kali-text))] focus-visible:outline-none focus-visible:ring-2 focus-visible:ring-[color:var(--kali-control)] focus-visible:ring-offset-2 focus-visible:ring-offset-[var(--kali-bg)]"
              href="/docs/tasks.md"
              rel="noreferrer"
              target="_blank"
            >
              Lab planning checklist (docs/tasks.md)
            </a>
          </div>
        </aside>
      </div>
    </div>
  </div>
</DocumentFragment>
`;
