// Jest Snapshot v1, https://jestjs.io/docs/snapshot-testing

exports[`apps.config snapshot matches snapshot 1`] = `
{
  "chromeDefaultTiles": [
    {
      "title": "Example",
      "url": "https://example.com",
    },
  ],
  "default": [
    {
      "desktop_shortcut": true,
      "disabled": false,
      "favourite": true,
      "icon": "/themes/Yaru/apps/chrome.png",
      "id": "chrome",
      "screen": [Function],
      "title": "Google Chrome",
    },
    {
      "allowMaximize": false,
      "defaultHeight": 50,
      "defaultWidth": 28,
      "desktop_shortcut": false,
      "disabled": false,
      "favourite": false,
      "icon": "/themes/Yaru/apps/calc.png",
      "id": "calculator",
      "resizable": false,
      "screen": [Function],
      "title": "Calculator",
    },
    {
      "desktop_shortcut": false,
      "disabled": false,
      "favourite": true,
      "icon": "/themes/Yaru/apps/bash.png",
      "id": "terminal",
      "screen": [Function],
      "title": "Terminal",
    },
    {
      "defaultHeight": 85,
      "defaultWidth": 85,
      "desktop_shortcut": false,
      "disabled": false,
      "favourite": true,
      "icon": "/themes/Yaru/apps/vscode.png",
      "id": "vscode",
      "screen": [Function],
      "title": "Visual Studio Code",
    },
    {
      "desktop_shortcut": false,
      "disabled": false,
      "favourite": true,
      "icon": "/themes/Yaru/apps/x.png",
      "id": "x",
      "screen": [Function],
      "title": "X",
    },
    {
      "desktop_shortcut": false,
      "disabled": false,
      "favourite": true,
      "icon": "/themes/Yaru/apps/spotify.svg",
      "id": "spotify",
      "screen": [Function],
      "title": "Spotify",
    },
    {
      "desktop_shortcut": false,
      "disabled": false,
      "favourite": true,
      "icon": "/themes/Yaru/apps/youtube.svg",
      "id": "youtube",
      "screen": [Function],
      "title": "YouTube",
    },
    {
      "desktop_shortcut": false,
      "disabled": false,
      "favourite": false,
      "icon": "/themes/Yaru/apps/beef.svg",
      "id": "beef",
      "screen": [Function],
      "title": "BeEF",
    },
    {
      "desktop_shortcut": true,
      "disabled": false,
      "favourite": true,
      "icon": "/themes/Yaru/system/user-home.png",
      "id": "about",
      "screen": [Function],
      "title": "About Alex",
    },
    {
      "desktop_shortcut": false,
      "disabled": false,
      "favourite": true,
      "icon": "/themes/Yaru/apps/gnome-control-center.png",
      "id": "settings",
      "screen": [Function],
      "title": "Settings",
    },
    {
      "desktop_shortcut": false,
      "disabled": false,
      "favourite": false,
      "icon": "/themes/Yaru/status/power-button.svg",
      "id": "power",
      "screen": [Function],
      "title": "Power",
    },
    {
      "desktop_shortcut": false,
      "disabled": false,
      "favourite": false,
      "icon": "/themes/Yaru/system/folder.png",
      "id": "files",
      "screen": [Function],
      "title": "Files",
    },
    {
      "desktop_shortcut": false,
      "disabled": false,
      "favourite": false,
      "icon": "/themes/Yaru/apps/ristretto.svg",
      "id": "ristretto",
      "screen": [Function],
      "title": "Image Viewer",
    },
    {
      "desktop_shortcut": false,
      "disabled": false,
      "favourite": false,
      "icon": "/themes/Yaru/apps/resource-monitor.svg",
      "id": "resource-monitor",
      "screen": [Function],
      "title": "Resource Monitor",
    },
    {
      "desktop_shortcut": false,
      "disabled": false,
      "favourite": false,
      "icon": "/themes/Yaru/apps/resource-monitor.svg",
      "id": "task-manager",
      "screen": [Function],
      "title": "Task Manager",
    },
    {
      "desktop_shortcut": false,
      "disabled": false,
      "favourite": false,
      "icon": "/themes/Yaru/apps/screen-recorder.svg",
      "id": "screen-recorder",
      "screen": [Function],
      "title": "Screen Recorder",
    },
    {
      "desktop_shortcut": false,
      "disabled": false,
      "favourite": false,
      "icon": "/themes/Yaru/apps/ettercap.svg",
      "id": "ettercap",
      "screen": [Function],
      "title": "Ettercap",
    },
    {
      "desktop_shortcut": false,
      "disabled": false,
      "favourite": false,
      "icon": "/themes/Yaru/apps/bluetooth.svg",
      "id": "ble-sensor",
      "screen": [Function],
      "title": "BLE Sensor",
    },
    {
      "desktop_shortcut": false,
      "disabled": false,
      "favourite": false,
      "icon": "/themes/Yaru/apps/bluetooth.svg",
      "id": "bluetooth",
      "screen": [Function],
      "title": "Bluetooth",
    },
    {
      "desktop_shortcut": false,
      "disabled": false,
      "favourite": false,
      "icon": "/themes/Yaru/apps/metasploit.svg",
      "id": "metasploit",
      "screen": [Function],
      "title": "Metasploit",
    },
    {
      "desktop_shortcut": false,
      "disabled": false,
      "favourite": false,
      "icon": "/themes/Yaru/status/network-wireless-signal-good-symbolic.svg",
      "id": "network/connections",
      "screen": [Function],
      "title": "Network Connections",
    },
    {
      "desktop_shortcut": false,
      "disabled": false,
      "favourite": false,
      "icon": "/themes/Yaru/apps/todoist.png",
      "id": "todoist",
      "screen": [Function],
      "title": "Todoist",
    },
    {
      "desktop_shortcut": false,
      "disabled": false,
      "favourite": false,
      "icon": "/themes/Yaru/apps/gedit.png",
      "id": "sticky_notes",
      "screen": [Function],
      "title": "Sticky Notes",
    },
    {
      "desktop_shortcut": true,
      "disabled": false,
      "favourite": false,
      "icon": "/themes/Yaru/status/user-trash-symbolic.svg",
      "id": "trash",
      "screen": [Function],
      "title": "Trash",
    },
    {
      "desktop_shortcut": true,
      "disabled": false,
      "favourite": false,
      "icon": "/themes/Yaru/apps/gedit.png",
      "id": "gedit",
      "screen": [Function],
      "title": "Contact Me",
    },
    {
      "desktop_shortcut": false,
      "disabled": false,
      "favourite": false,
      "icon": "/themes/Yaru/apps/calc.png",
      "id": "converter",
      "screen": [Function],
      "title": "Converter",
    },
    {
      "desktop_shortcut": false,
      "disabled": false,
      "favourite": false,
      "icon": "/themes/Yaru/apps/kismet.svg",
      "id": "kismet",
      "screen": [Function],
      "title": "Kismet",
    },
    {
      "desktop_shortcut": false,
      "disabled": false,
      "favourite": false,
      "icon": "/themes/Yaru/apps/nikto.svg",
      "id": "nikto",
      "screen": [Function],
      "title": "Nikto",
    },
    {
      "desktop_shortcut": false,
      "disabled": false,
      "favourite": false,
      "icon": "/themes/Yaru/apps/autopsy.svg",
      "id": "autopsy",
      "screen": [Function],
      "title": "Autopsy",
    },
    {
      "desktop_shortcut": false,
      "disabled": false,
      "favourite": false,
      "icon": "/themes/Yaru/apps/project-gallery.svg",
      "id": "plugin-manager",
      "screen": [Function],
      "title": "Plugin Manager",
    },
    {
      "desktop_shortcut": false,
      "disabled": false,
      "favourite": false,
      "icon": "/themes/Yaru/apps/project-gallery.svg",
      "id": "panel-profiles",
      "screen": [Function],
      "title": "Panel Profiles",
    },
    {
      "desktop_shortcut": false,
      "disabled": false,
      "favourite": false,
      "icon": "/themes/Yaru/apps/reaver.svg",
      "id": "reaver",
      "screen": [Function],
      "title": "Reaver",
    },
    {
      "desktop_shortcut": false,
      "disabled": false,
      "favourite": false,
      "icon": "/themes/Yaru/apps/nessus.svg",
      "id": "nessus",
      "screen": [Function],
      "title": "Nessus",
    },
    {
      "desktop_shortcut": false,
      "disabled": false,
      "favourite": false,
      "icon": "/themes/Yaru/apps/ghidra.svg",
      "id": "ghidra",
      "screen": [Function],
      "title": "Ghidra",
    },
    {
      "desktop_shortcut": false,
      "disabled": false,
      "favourite": false,
      "icon": "/themes/Yaru/apps/ftp.svg",
      "id": "gigolo",
      "screen": [Function],
      "title": "Gigolo",
    },
    {
      "desktop_shortcut": false,
      "disabled": false,
      "favourite": false,
      "icon": "/themes/Yaru/apps/mimikatz.svg",
      "id": "mimikatz",
      "screen": [Function],
      "title": "Mimikatz",
    },
    {
      "desktop_shortcut": false,
      "disabled": false,
      "favourite": false,
      "icon": "/themes/Yaru/apps/mimikatz.svg",
      "id": "mimikatz/offline",
      "screen": [Function],
      "title": "Mimikatz Offline",
    },
    {
      "desktop_shortcut": false,
      "disabled": false,
      "favourite": false,
      "icon": "/themes/Yaru/apps/ssh.svg",
      "id": "ssh",
      "screen": [Function],
      "title": "SSH Builder",
    },
    {
      "desktop_shortcut": false,
      "disabled": false,
      "favourite": false,
      "icon": "/themes/Yaru/apps/http.svg",
      "id": "http",
      "screen": [Function],
      "title": "HTTP Builder",
    },
    {
      "desktop_shortcut": false,
      "disabled": false,
      "favourite": false,
      "icon": "/themes/Yaru/apps/project-gallery.svg",
      "id": "html-rewriter",
      "screen": [Function],
      "title": "HTML Rewriter",
    },
    {
      "desktop_shortcut": false,
      "disabled": false,
      "favourite": false,
      "icon": "/themes/Yaru/apps/hydra.svg",
      "id": "hydra",
      "screen": [Function],
      "title": "Hydra",
    },
    {
      "desktop_shortcut": false,
      "disabled": false,
      "favourite": false,
      "icon": "/themes/Yaru/apps/nmap-nse.svg",
      "id": "nmap-nse",
      "screen": [Function],
      "title": "Nmap NSE",
    },
    {
      "desktop_shortcut": false,
      "disabled": false,
      "favourite": false,
      "icon": "/themes/Yaru/apps/weather.svg",
      "id": "weather",
      "screen": [Function],
      "title": "Weather",
    },
    {
      "desktop_shortcut": false,
      "disabled": false,
      "favourite": false,
      "icon": "/themes/Yaru/apps/weather.svg",
      "id": "weather-widget",
      "screen": [Function],
      "title": "Weather Widget",
    },
    {
      "desktop_shortcut": false,
      "disabled": false,
      "favourite": false,
      "icon": "/themes/Yaru/apps/bash.png",
      "id": "serial-terminal",
      "screen": [Function],
      "title": "Serial Terminal",
    },
    {
      "desktop_shortcut": false,
      "disabled": false,
      "favourite": false,
      "icon": "/themes/Yaru/apps/radare2.svg",
      "id": "radare2",
      "screen": [Function],
      "title": "Radare2",
    },
    {
      "desktop_shortcut": false,
      "disabled": false,
      "favourite": false,
      "icon": "/themes/Yaru/apps/volatility.svg",
      "id": "volatility",
      "screen": [Function],
      "title": "Volatility",
    },
    {
      "desktop_shortcut": false,
      "disabled": false,
      "favourite": false,
      "icon": "/themes/Yaru/apps/hashcat.svg",
      "id": "hashcat",
      "screen": [Function],
      "title": "Hashcat",
    },
    {
      "desktop_shortcut": false,
      "disabled": false,
      "favourite": false,
      "icon": "/themes/Yaru/apps/msf-post.svg",
      "id": "msf-post",
      "screen": [Function],
      "title": "Metasploit Post",
    },
    {
      "desktop_shortcut": false,
      "disabled": false,
      "favourite": false,
      "icon": "/themes/Yaru/apps/project-gallery.svg",
      "id": "evidence-vault",
      "screen": [Function],
      "title": "Evidence Vault",
    },
    {
      "desktop_shortcut": false,
      "disabled": false,
      "favourite": false,
      "icon": "/themes/Yaru/apps/dsniff.svg",
      "id": "dsniff",
      "screen": [Function],
      "title": "dsniff",
    },
    {
      "desktop_shortcut": false,
      "disabled": false,
      "favourite": false,
      "icon": "/themes/Yaru/apps/resource-monitor.svg",
      "id": "network-manager",
      "screen": [Function],
      "title": "Network Manager",
    },
    {
      "desktop_shortcut": false,
      "disabled": false,
      "favourite": false,
      "icon": "/themes/Yaru/apps/john.svg",
      "id": "john",
      "screen": [Function],
      "title": "John the Ripper",
    },
    {
      "desktop_shortcut": false,
      "disabled": false,
      "favourite": false,
      "icon": "/themes/Yaru/apps/openvas.svg",
      "id": "openvas",
      "screen": [Function],
      "title": "OpenVAS",
    },
    {
      "desktop_shortcut": false,
      "disabled": false,
      "favourite": false,
      "icon": "/themes/Yaru/apps/reconng.svg",
      "id": "recon-ng",
      "screen": [Function],
      "title": "Recon-ng",
    },
    {
      "desktop_shortcut": false,
      "disabled": false,
      "favourite": false,
      "icon": "/themes/Yaru/apps/project-gallery.svg",
      "id": "kali-tools",
      "screen": [Function],
      "title": "Kali Tools",
    },
    {
      "desktop_shortcut": false,
      "disabled": false,
      "favourite": false,
      "icon": "/themes/Yaru/apps/project-gallery.svg",
      "id": "security-tools",
      "screen": [Function],
      "title": "Security Tools",
    },
    {
      "desktop_shortcut": false,
      "disabled": false,
      "favourite": false,
      "icon": "/themes/Yaru/apps/project-gallery.svg",
      "id": "kali-tweaks",
      "screen": [Function],
      "title": "Kali Tweaks",
    },
    {
      "desktop_shortcut": false,
      "disabled": false,
      "favourite": false,
      "icon": "/themes/Yaru/apps/qr.svg",
      "id": "qr",
      "screen": [Function],
      "title": "QR Tool",
    },
    {
      "desktop_shortcut": false,
      "disabled": false,
      "favourite": false,
      "icon": "/themes/Yaru/apps/gedit.png",
      "id": "ascii-art",
      "screen": [Function],
      "title": "ASCII Art",
    },
    {
      "desktop_shortcut": false,
      "disabled": false,
      "favourite": false,
      "icon": "/themes/Yaru/apps/gedit.png",
      "id": "clipboard-manager",
      "screen": [Function],
      "title": "Clipboard Manager",
    },
    {
      "desktop_shortcut": false,
      "disabled": false,
      "favourite": false,
      "icon": "/themes/Yaru/apps/gedit.png",
      "id": "figlet",
      "screen": [Function],
      "title": "Figlet",
    },
    {
      "desktop_shortcut": false,
      "disabled": false,
      "favourite": false,
      "icon": "/themes/Yaru/apps/quote.svg",
      "id": "quote",
      "screen": [Function],
      "title": "Quote",
    },
    {
      "desktop_shortcut": false,
      "disabled": false,
      "favourite": false,
      "icon": "/themes/Yaru/apps/project-gallery.svg",
      "id": "project-gallery",
      "screen": [Function],
      "title": "Project Gallery",
    },
    {
      "desktop_shortcut": false,
      "disabled": false,
      "favourite": false,
      "icon": "/themes/Yaru/apps/brasero.svg",
      "id": "brasero",
      "screen": [Function],
      "title": "Brasero",
    },
    {
      "desktop_shortcut": false,
      "disabled": false,
      "favourite": false,
      "icon": "/themes/Yaru/apps/input-lab.svg",
      "id": "input-lab",
      "screen": [Function],
      "title": "Input Lab",
    },
    {
      "defaultHeight": 60,
      "defaultWidth": 50,
      "desktop_shortcut": false,
      "disabled": false,
      "favourite": false,
      "icon": "/themes/Yaru/apps/asteroids.svg",
      "id": "asteroids",
      "screen": [Function],
      "title": "Asteroids",
    },
    {
      "defaultHeight": 60,
      "defaultWidth": 50,
      "desktop_shortcut": false,
      "disabled": false,
      "favourite": false,
      "icon": "/themes/Yaru/apps/battleship.svg",
      "id": "battleship",
      "screen": [Function],
      "title": "Battleship",
    },
    {
      "defaultHeight": 60,
      "defaultWidth": 50,
      "desktop_shortcut": false,
      "disabled": false,
      "favourite": false,
      "icon": "/themes/Yaru/apps/blackjack.svg",
      "id": "blackjack",
      "screen": [Function],
      "title": "Blackjack",
    },
    {
      "defaultHeight": 60,
      "defaultWidth": 50,
      "desktop_shortcut": false,
      "disabled": false,
      "favourite": false,
      "icon": "/themes/Yaru/apps/breakout.svg",
      "id": "breakout",
      "screen": [Function],
      "title": "Breakout",
    },
    {
      "defaultHeight": 60,
      "defaultWidth": 50,
      "desktop_shortcut": false,
      "disabled": false,
      "favourite": false,
      "icon": "/themes/Yaru/apps/car-racer.svg",
      "id": "car-racer",
      "screen": [Function],
      "title": "Car Racer",
    },
    {
      "defaultHeight": 60,
      "defaultWidth": 50,
      "desktop_shortcut": false,
      "disabled": false,
      "favourite": false,
      "icon": "/themes/Yaru/apps/car-racer.svg",
      "id": "lane-runner",
      "screen": [Function],
      "title": "Lane Runner",
    },
    {
      "defaultHeight": 60,
      "defaultWidth": 50,
      "desktop_shortcut": false,
      "disabled": false,
      "favourite": false,
      "icon": "/themes/Yaru/apps/checkers.svg",
      "id": "checkers",
      "screen": [Function],
      "title": "Checkers",
    },
    {
      "defaultHeight": 60,
      "defaultWidth": 50,
      "desktop_shortcut": false,
      "disabled": false,
      "favourite": false,
      "icon": "/themes/Yaru/apps/chess.svg",
      "id": "chess",
      "screen": [Function],
      "title": "Chess",
    },
    {
      "defaultHeight": 60,
      "defaultWidth": 50,
      "desktop_shortcut": false,
      "disabled": false,
      "favourite": false,
      "icon": "/themes/Yaru/apps/connect-four.svg",
      "id": "connect-four",
      "screen": [Function],
      "title": "Connect Four",
    },
    {
      "defaultHeight": 60,
      "defaultWidth": 50,
      "desktop_shortcut": false,
      "disabled": false,
      "favourite": false,
      "icon": "/themes/Yaru/apps/frogger.svg",
      "id": "frogger",
      "screen": [Function],
      "title": "Frogger",
    },
    {
      "defaultHeight": 60,
      "defaultWidth": 50,
      "desktop_shortcut": false,
      "disabled": false,
      "favourite": false,
      "icon": "/themes/Yaru/apps/hangman.svg",
      "id": "hangman",
      "screen": [Function],
      "title": "Hangman",
    },
    {
      "defaultHeight": 60,
      "defaultWidth": 50,
      "desktop_shortcut": false,
      "disabled": false,
      "favourite": false,
      "icon": "/themes/Yaru/apps/memory.svg",
      "id": "memory",
      "screen": [Function],
      "title": "Memory",
    },
    {
      "defaultHeight": 60,
      "defaultWidth": 50,
      "desktop_shortcut": false,
      "disabled": false,
      "favourite": false,
      "icon": "/themes/Yaru/apps/minesweeper.svg",
      "id": "minesweeper",
      "screen": [Function],
      "title": "Minesweeper",
    },
    {
      "defaultHeight": 60,
      "defaultWidth": 50,
      "desktop_shortcut": false,
      "disabled": false,
      "favourite": false,
      "icon": "/themes/Yaru/apps/pacman.svg",
      "id": "pacman",
      "screen": [Function],
      "title": "Pacman",
    },
    {
      "defaultHeight": 60,
      "defaultWidth": 50,
      "desktop_shortcut": false,
      "disabled": false,
      "favourite": false,
      "icon": "/themes/Yaru/apps/platformer.svg",
      "id": "platformer",
      "screen": [Function],
      "title": "Platformer",
    },
    {
      "defaultHeight": 60,
      "defaultWidth": 50,
      "desktop_shortcut": false,
      "disabled": false,
      "favourite": false,
      "icon": "/themes/Yaru/apps/pong.svg",
      "id": "pong",
      "screen": [Function],
      "title": "Pong",
    },
    {
      "defaultHeight": 60,
      "defaultWidth": 50,
      "desktop_shortcut": false,
      "disabled": false,
      "favourite": false,
      "icon": "/themes/Yaru/apps/reversi.svg",
      "id": "reversi",
      "screen": [Function],
      "title": "Reversi",
    },
    {
      "defaultHeight": 60,
      "defaultWidth": 50,
      "desktop_shortcut": false,
      "disabled": false,
      "favourite": false,
      "icon": "/themes/Yaru/apps/simon.svg",
      "id": "simon",
      "screen": [Function],
      "title": "Simon",
    },
    {
      "defaultHeight": 60,
      "defaultWidth": 50,
      "desktop_shortcut": false,
      "disabled": false,
      "favourite": false,
      "icon": "/themes/Yaru/apps/snake.svg",
      "id": "snake",
      "screen": [Function],
      "title": "Snake",
    },
    {
      "defaultHeight": 60,
      "defaultWidth": 50,
      "desktop_shortcut": false,
      "disabled": false,
      "favourite": false,
      "icon": "/themes/Yaru/apps/sokoban.svg",
      "id": "sokoban",
      "screen": [Function],
      "title": "Sokoban",
    },
    {
      "defaultHeight": 60,
      "defaultWidth": 50,
      "desktop_shortcut": false,
      "disabled": false,
      "favourite": false,
      "icon": "/themes/Yaru/apps/solitaire.svg",
      "id": "solitaire",
      "screen": [Function],
      "title": "Solitaire",
    },
    {
      "defaultHeight": 60,
      "defaultWidth": 50,
      "desktop_shortcut": false,
      "disabled": false,
      "favourite": false,
      "icon": "/themes/Yaru/apps/tictactoe.svg",
      "id": "tictactoe",
      "screen": [Function],
      "title": "Tic Tac Toe",
    },
    {
      "defaultHeight": 60,
      "defaultWidth": 50,
      "desktop_shortcut": false,
      "disabled": false,
      "favourite": false,
      "icon": "/themes/Yaru/apps/tetris.svg",
      "id": "tetris",
      "screen": [Function],
      "title": "Tetris",
    },
    {
      "defaultHeight": 60,
      "defaultWidth": 50,
      "desktop_shortcut": false,
      "disabled": false,
      "favourite": false,
      "icon": "/themes/Yaru/apps/tower-defense.svg",
      "id": "tower-defense",
      "screen": [Function],
      "title": "Tower Defense",
    },
    {
      "defaultHeight": 60,
      "defaultWidth": 50,
      "desktop_shortcut": false,
      "disabled": false,
      "favourite": false,
      "icon": "/themes/Yaru/apps/word-search.svg",
      "id": "word-search",
      "screen": [Function],
      "title": "Word Search",
    },
    {
      "defaultHeight": 60,
      "defaultWidth": 50,
      "desktop_shortcut": false,
      "disabled": false,
      "favourite": false,
      "icon": "/themes/Yaru/apps/wordle.svg",
      "id": "wordle",
      "screen": [Function],
      "title": "Wordle",
    },
    {
      "defaultHeight": 60,
      "defaultWidth": 50,
      "desktop_shortcut": false,
      "disabled": false,
      "favourite": false,
      "icon": "/themes/Yaru/apps/nonogram.svg",
      "id": "nonogram",
      "screen": [Function],
      "title": "Nonogram",
    },
    {
      "defaultHeight": 60,
      "defaultWidth": 50,
      "desktop_shortcut": false,
      "disabled": false,
      "favourite": false,
      "icon": "/themes/Yaru/apps/space-invaders.svg",
      "id": "space-invaders",
      "screen": [Function],
      "title": "Space Invaders",
    },
    {
      "defaultHeight": 60,
      "defaultWidth": 50,
      "desktop_shortcut": false,
      "disabled": false,
      "favourite": false,
      "icon": "/themes/Yaru/apps/sudoku.svg",
      "id": "sudoku",
      "screen": [Function],
      "title": "Sudoku",
    },
    {
      "defaultHeight": 60,
      "defaultWidth": 50,
      "desktop_shortcut": false,
      "disabled": false,
      "favourite": false,
      "icon": "/themes/Yaru/apps/flappy-bird.svg",
      "id": "flappy-bird",
      "screen": [Function],
      "title": "Flappy Bird",
    },
    {
      "defaultHeight": 60,
      "defaultWidth": 50,
      "desktop_shortcut": false,
      "disabled": false,
      "favourite": false,
      "icon": "/themes/Yaru/apps/candy-crush.svg",
      "id": "candy-crush",
      "screen": [Function],
      "title": "Candy Crush",
    },
    {
      "defaultHeight": 60,
      "defaultWidth": 50,
      "desktop_shortcut": false,
      "disabled": false,
      "favourite": false,
      "icon": "/themes/Yaru/apps/gomoku.svg",
      "id": "gomoku",
      "screen": [Function],
      "title": "Gomoku",
    },
    {
      "defaultHeight": 60,
      "defaultWidth": 50,
      "desktop_shortcut": false,
      "disabled": false,
      "favourite": false,
      "icon": "/themes/Yaru/apps/pinball.svg",
      "id": "pinball",
      "screen": [Function],
      "title": "Pinball",
    },
  ],
  "gameDefaults": {
    "defaultHeight": 60,
    "defaultWidth": 50,
  },
  "games": [
    {
      "defaultHeight": 60,
      "defaultWidth": 50,
      "desktop_shortcut": false,
      "disabled": false,
      "favourite": false,
      "icon": "/themes/Yaru/apps/asteroids.svg",
      "id": "asteroids",
      "screen": [Function],
      "title": "Asteroids",
    },
    {
      "defaultHeight": 60,
      "defaultWidth": 50,
      "desktop_shortcut": false,
      "disabled": false,
      "favourite": false,
      "icon": "/themes/Yaru/apps/battleship.svg",
      "id": "battleship",
      "screen": [Function],
      "title": "Battleship",
    },
    {
      "defaultHeight": 60,
      "defaultWidth": 50,
      "desktop_shortcut": false,
      "disabled": false,
      "favourite": false,
      "icon": "/themes/Yaru/apps/blackjack.svg",
      "id": "blackjack",
      "screen": [Function],
      "title": "Blackjack",
    },
    {
      "defaultHeight": 60,
      "defaultWidth": 50,
      "desktop_shortcut": false,
      "disabled": false,
      "favourite": false,
      "icon": "/themes/Yaru/apps/breakout.svg",
      "id": "breakout",
      "screen": [Function],
      "title": "Breakout",
    },
    {
      "defaultHeight": 60,
      "defaultWidth": 50,
      "desktop_shortcut": false,
      "disabled": false,
      "favourite": false,
      "icon": "/themes/Yaru/apps/car-racer.svg",
      "id": "car-racer",
      "screen": [Function],
      "title": "Car Racer",
    },
    {
      "defaultHeight": 60,
      "defaultWidth": 50,
      "desktop_shortcut": false,
      "disabled": false,
      "favourite": false,
      "icon": "/themes/Yaru/apps/car-racer.svg",
      "id": "lane-runner",
      "screen": [Function],
      "title": "Lane Runner",
    },
    {
      "defaultHeight": 60,
      "defaultWidth": 50,
      "desktop_shortcut": false,
      "disabled": false,
      "favourite": false,
      "icon": "/themes/Yaru/apps/checkers.svg",
      "id": "checkers",
      "screen": [Function],
      "title": "Checkers",
    },
    {
      "defaultHeight": 60,
      "defaultWidth": 50,
      "desktop_shortcut": false,
      "disabled": false,
      "favourite": false,
      "icon": "/themes/Yaru/apps/chess.svg",
      "id": "chess",
      "screen": [Function],
      "title": "Chess",
    },
    {
      "defaultHeight": 60,
      "defaultWidth": 50,
      "desktop_shortcut": false,
      "disabled": false,
      "favourite": false,
      "icon": "/themes/Yaru/apps/connect-four.svg",
      "id": "connect-four",
      "screen": [Function],
      "title": "Connect Four",
    },
    {
      "defaultHeight": 60,
      "defaultWidth": 50,
      "desktop_shortcut": false,
      "disabled": false,
      "favourite": false,
      "icon": "/themes/Yaru/apps/frogger.svg",
      "id": "frogger",
      "screen": [Function],
      "title": "Frogger",
    },
    {
      "defaultHeight": 60,
      "defaultWidth": 50,
      "desktop_shortcut": false,
      "disabled": false,
      "favourite": false,
      "icon": "/themes/Yaru/apps/hangman.svg",
      "id": "hangman",
      "screen": [Function],
      "title": "Hangman",
    },
    {
      "defaultHeight": 60,
      "defaultWidth": 50,
      "desktop_shortcut": false,
      "disabled": false,
      "favourite": false,
      "icon": "/themes/Yaru/apps/memory.svg",
      "id": "memory",
      "screen": [Function],
      "title": "Memory",
    },
    {
      "defaultHeight": 60,
      "defaultWidth": 50,
      "desktop_shortcut": false,
      "disabled": false,
      "favourite": false,
      "icon": "/themes/Yaru/apps/minesweeper.svg",
      "id": "minesweeper",
      "screen": [Function],
      "title": "Minesweeper",
    },
    {
      "defaultHeight": 60,
      "defaultWidth": 50,
      "desktop_shortcut": false,
      "disabled": false,
      "favourite": false,
      "icon": "/themes/Yaru/apps/pacman.svg",
      "id": "pacman",
      "screen": [Function],
      "title": "Pacman",
    },
    {
      "defaultHeight": 60,
      "defaultWidth": 50,
      "desktop_shortcut": false,
      "disabled": false,
      "favourite": false,
      "icon": "/themes/Yaru/apps/platformer.svg",
      "id": "platformer",
      "screen": [Function],
      "title": "Platformer",
    },
    {
      "defaultHeight": 60,
      "defaultWidth": 50,
      "desktop_shortcut": false,
      "disabled": false,
      "favourite": false,
      "icon": "/themes/Yaru/apps/pong.svg",
      "id": "pong",
      "screen": [Function],
      "title": "Pong",
    },
    {
      "defaultHeight": 60,
      "defaultWidth": 50,
      "desktop_shortcut": false,
      "disabled": false,
      "favourite": false,
      "icon": "/themes/Yaru/apps/reversi.svg",
      "id": "reversi",
      "screen": [Function],
      "title": "Reversi",
    },
    {
      "defaultHeight": 60,
      "defaultWidth": 50,
      "desktop_shortcut": false,
      "disabled": false,
      "favourite": false,
      "icon": "/themes/Yaru/apps/simon.svg",
      "id": "simon",
      "screen": [Function],
      "title": "Simon",
    },
    {
      "defaultHeight": 60,
      "defaultWidth": 50,
      "desktop_shortcut": false,
      "disabled": false,
      "favourite": false,
      "icon": "/themes/Yaru/apps/snake.svg",
      "id": "snake",
      "screen": [Function],
      "title": "Snake",
    },
    {
      "defaultHeight": 60,
      "defaultWidth": 50,
      "desktop_shortcut": false,
      "disabled": false,
      "favourite": false,
      "icon": "/themes/Yaru/apps/sokoban.svg",
      "id": "sokoban",
      "screen": [Function],
      "title": "Sokoban",
    },
    {
      "defaultHeight": 60,
      "defaultWidth": 50,
      "desktop_shortcut": false,
      "disabled": false,
      "favourite": false,
      "icon": "/themes/Yaru/apps/solitaire.svg",
      "id": "solitaire",
      "screen": [Function],
      "title": "Solitaire",
    },
    {
      "defaultHeight": 60,
      "defaultWidth": 50,
      "desktop_shortcut": false,
      "disabled": false,
      "favourite": false,
      "icon": "/themes/Yaru/apps/tictactoe.svg",
      "id": "tictactoe",
      "screen": [Function],
      "title": "Tic Tac Toe",
    },
    {
      "defaultHeight": 60,
      "defaultWidth": 50,
      "desktop_shortcut": false,
      "disabled": false,
      "favourite": false,
      "icon": "/themes/Yaru/apps/tetris.svg",
      "id": "tetris",
      "screen": [Function],
      "title": "Tetris",
    },
    {
      "defaultHeight": 60,
      "defaultWidth": 50,
      "desktop_shortcut": false,
      "disabled": false,
      "favourite": false,
      "icon": "/themes/Yaru/apps/tower-defense.svg",
      "id": "tower-defense",
      "screen": [Function],
      "title": "Tower Defense",
    },
    {
      "defaultHeight": 60,
      "defaultWidth": 50,
      "desktop_shortcut": false,
      "disabled": false,
      "favourite": false,
      "icon": "/themes/Yaru/apps/word-search.svg",
      "id": "word-search",
      "screen": [Function],
      "title": "Word Search",
    },
    {
      "defaultHeight": 60,
      "defaultWidth": 50,
      "desktop_shortcut": false,
      "disabled": false,
      "favourite": false,
      "icon": "/themes/Yaru/apps/wordle.svg",
      "id": "wordle",
      "screen": [Function],
      "title": "Wordle",
    },
    {
      "defaultHeight": 60,
      "defaultWidth": 50,
      "desktop_shortcut": false,
      "disabled": false,
      "favourite": false,
      "icon": "/themes/Yaru/apps/nonogram.svg",
      "id": "nonogram",
      "screen": [Function],
      "title": "Nonogram",
    },
    {
      "defaultHeight": 60,
      "defaultWidth": 50,
      "desktop_shortcut": false,
      "disabled": false,
      "favourite": false,
      "icon": "/themes/Yaru/apps/space-invaders.svg",
      "id": "space-invaders",
      "screen": [Function],
      "title": "Space Invaders",
    },
    {
      "defaultHeight": 60,
      "defaultWidth": 50,
      "desktop_shortcut": false,
      "disabled": false,
      "favourite": false,
      "icon": "/themes/Yaru/apps/sudoku.svg",
      "id": "sudoku",
      "screen": [Function],
      "title": "Sudoku",
    },
    {
      "defaultHeight": 60,
      "defaultWidth": 50,
      "desktop_shortcut": false,
      "disabled": false,
      "favourite": false,
      "icon": "/themes/Yaru/apps/flappy-bird.svg",
      "id": "flappy-bird",
      "screen": [Function],
      "title": "Flappy Bird",
    },
    {
      "defaultHeight": 60,
      "defaultWidth": 50,
      "desktop_shortcut": false,
      "disabled": false,
      "favourite": false,
      "icon": "/themes/Yaru/apps/candy-crush.svg",
      "id": "candy-crush",
      "screen": [Function],
      "title": "Candy Crush",
    },
    {
      "defaultHeight": 60,
      "defaultWidth": 50,
      "desktop_shortcut": false,
      "disabled": false,
      "favourite": false,
      "icon": "/themes/Yaru/apps/gomoku.svg",
      "id": "gomoku",
      "screen": [Function],
      "title": "Gomoku",
    },
    {
      "defaultHeight": 60,
      "defaultWidth": 50,
      "desktop_shortcut": false,
      "disabled": false,
      "favourite": false,
      "icon": "/themes/Yaru/apps/pinball.svg",
      "id": "pinball",
      "screen": [Function],
      "title": "Pinball",
    },
  ],
  "utilities": [
    {
      "desktop_shortcut": false,
      "disabled": false,
      "favourite": false,
      "icon": "/themes/Yaru/apps/qr.svg",
      "id": "qr",
      "screen": [Function],
      "title": "QR Tool",
    },
    {
      "desktop_shortcut": false,
      "disabled": false,
      "favourite": false,
      "icon": "/themes/Yaru/apps/gedit.png",
      "id": "ascii-art",
      "screen": [Function],
      "title": "ASCII Art",
    },
    {
      "desktop_shortcut": false,
      "disabled": false,
      "favourite": false,
      "icon": "/themes/Yaru/apps/gedit.png",
      "id": "clipboard-manager",
      "screen": [Function],
      "title": "Clipboard Manager",
    },
    {
      "desktop_shortcut": false,
      "disabled": false,
      "favourite": false,
      "icon": "/themes/Yaru/apps/gedit.png",
      "id": "figlet",
      "screen": [Function],
      "title": "Figlet",
    },
    {
      "desktop_shortcut": false,
      "disabled": false,
      "favourite": false,
      "icon": "/themes/Yaru/apps/quote.svg",
      "id": "quote",
      "screen": [Function],
      "title": "Quote",
    },
    {
      "desktop_shortcut": false,
      "disabled": false,
      "favourite": false,
      "icon": "/themes/Yaru/apps/project-gallery.svg",
      "id": "project-gallery",
      "screen": [Function],
      "title": "Project Gallery",
    },
    {
      "desktop_shortcut": false,
      "disabled": false,
      "favourite": false,
      "icon": "/themes/Yaru/apps/brasero.svg",
      "id": "brasero",
      "screen": [Function],
      "title": "Brasero",
    },
    {
      "desktop_shortcut": false,
      "disabled": false,
      "favourite": false,
      "icon": "/themes/Yaru/apps/input-lab.svg",
      "id": "input-lab",
      "screen": [Function],
      "title": "Input Lab",
    },
  ],
}
`;
