// Jest Snapshot v1, https://jestjs.io/docs/snapshot-testing

exports[`apps.config snapshot matches snapshot 1`] = `
{
  "chromeDefaultTiles": [
    {
      "title": "Example",
      "url": "https://example.com",
    },
  ],
  "default": [
    {
      "desktop_shortcut": false,
      "disabled": false,
      "favourite": true,
      "icon": "/themes/Yaru/apps/bash.png",
      "id": "terminal",
      "screen": [Function],
      "title": "Terminal",
    },
    {
      "defaultHeight": 85,
      "defaultWidth": 85,
      "desktop_shortcut": false,
      "disabled": false,
      "favourite": true,
      "icon": "/themes/Yaru/apps/vscode.png",
      "id": "vscode",
      "screen": [Function],
      "title": "Visual Studio Code",
    },
    {
      "allowMaximize": false,
      "defaultHeight": 50,
      "defaultWidth": 28,
      "desktop_shortcut": false,
      "disabled": false,
      "favourite": false,
      "icon": "/themes/Yaru/apps/calc.png",
      "id": "calculator",
      "resizable": false,
      "screen": [Function],
      "title": "Calculator",
    },
  ],
  "gameDefaults": {
    "defaultHeight": 60,
    "defaultWidth": 50,
  },
  "games": [],
  "utilities": [],
}
`;
