// Jest Snapshot v1, https://jestjs.io/docs/snapshot-testing

exports[`Window focus affordance annotates focus state for styling hooks 1`] = `
<DocumentFragment>
  <div>
    <div
      aria-label="Focus Test"
      class="cursor-default rounded-lg rounded-b-none z-30 window--focused opened-window overflow-hidden min-w-1/4 min-h-1/4 main-window absolute window-shadow border-black border-opacity-40 border border-t-0 flex flex-col"
      data-focused="true"
      id="focus-window"
      role="dialog"
      style="width: 60%; height: 85%;"
      tabindex="0"
    >
      <div
        class="windowYBorder cursor-[e-resize] border-transparent border-1 absolute top-1/2 left-1/2 transform -translate-x-1/2 -translate-y-1/2"
      />
      <div
        class="windowXBorder cursor-[n-resize] border-transparent border-1 absolute top-1/2 left-1/2 transform -translate-x-1/2 -translate-y-1/2"
      />
      <div
        aria-grabbed="false"
        class=" relative bg-ub-window-title border-t-2 border-white border-opacity-5 px-3 text-white w-full select-none rounded-b-none flex items-center h-11"
        role="button"
        tabindex="0"
      >
        <div
          class="flex justify-center w-full text-sm font-bold"
        >
          Focus Test
        </div>
      </div>
      <div
        class="absolute select-none right-0 top-0 mt-1 mr-1 flex justify-center items-center h-11 min-w-[8.25rem]"
      >
        <button
          aria-label="Window minimize"
          class="mx-1 bg-white bg-opacity-0 hover:bg-opacity-10 rounded-full flex justify-center items-center h-6 w-6"
          type="button"
        >
          <img
            alt="Kali window minimize"
            class="h-4 w-4 inline"
            data-nimg="1"
            decoding="async"
            height="16"
            loading="lazy"
            src="/themes/Yaru/window/window-minimize-symbolic.svg"
            style="color: transparent;"
            width="16"
          />
        </button>
        <button
          aria-label="Window maximize"
          class="mx-1 bg-white bg-opacity-0 hover:bg-opacity-10 rounded-full flex justify-center items-center h-6 w-6"
          type="button"
        >
          <img
            alt="Kali window maximize"
            class="h-4 w-4 inline"
            data-nimg="1"
            decoding="async"
            height="16"
            loading="lazy"
            src="/themes/Yaru/window/window-maximize-symbolic.svg"
            style="color: transparent;"
            width="16"
          />
        </button>
        <button
          aria-label="Window close"
          class="mx-1 focus:outline-none cursor-default bg-ub-cool-grey bg-opacity-90 hover:bg-opacity-100 rounded-full flex justify-center items-center h-6 w-6"
          id="close-focus-window"
          type="button"
        >
          <img
            alt="Kali window close"
            class="h-4 w-4 inline"
            data-nimg="1"
            decoding="async"
            height="16"
            loading="lazy"
            src="/themes/Yaru/window/window-close-symbolic.svg"
            style="color: transparent;"
            width="16"
          />
        </button>
      </div>
      <div
        class="w-full flex-grow z-20 max-h-full overflow-y-auto windowMainScreen bg-ub-cool-grey"
      >
        <div>
          content
        </div>
      </div>
    </div>
  </div>
</DocumentFragment>
`;
